// Jest Snapshot v1, https://goo.gl/fbAQLP

exports[`Storyshots prenda-spark/IconButton Configurable Input 1`] = `
<button
  className="MuiButtonBase-root SparkIconButton-root SparkIconButton-variantSolid SparkIconButton-sizeMedium"
  disabled={false}
  onBlur={[Function]}
  onDragLeave={[Function]}
  onFocus={[Function]}
  onKeyDown={[Function]}
  onKeyUp={[Function]}
  onMouseDown={[Function]}
  onMouseLeave={[Function]}
  onMouseUp={[Function]}
  onTouchEnd={[Function]}
  onTouchMove={[Function]}
  onTouchStart={[Function]}
  tabIndex={0}
  type="button"
>
  <span
    className="SparkIconButton-content"
  >
    <svg
      aria-hidden={true}
      className="MuiSvgIcon-root"
      focusable="false"
      viewBox="0 0 24 24"
    >
      <path
        d="M6.69671 9.85355C6.50145 10.0488 6.50145 10.3654 6.69671 10.5607L11.6425 15.5064C11.7011 15.5651 11.7708 15.6061 11.8447 15.6295C12.0184 15.687 12.2174 15.6466 12.3556 15.5084L17.3033 10.5607C17.4986 10.3654 17.4986 10.0488 17.3033 9.85356L16.5962 9.14645C16.4009 8.95119 16.0844 8.95119 15.8891 9.14645L12 13.0355L8.11092 9.14645C7.91566 8.95118 7.59908 8.95118 7.40382 9.14645L6.69671 9.85355Z"
      />
    </svg>
  </span>
</button>
`;
